C:/STM32/Capstone_MEMS_Testbench/NUCLEO_H7S3L8_CDC/Appli/../Drivers/CMSIS/Include/core_cm7.h:1899:26:__NVIC_GetPriorityGrouping	4	static
C:/STM32/Capstone_MEMS_Testbench/NUCLEO_H7S3L8_CDC/Appli/../Drivers/CMSIS/Include/core_cm7.h:1911:22:__NVIC_EnableIRQ	16	static,ignoring_inline_asm
C:/STM32/Capstone_MEMS_Testbench/NUCLEO_H7S3L8_CDC/Appli/../Drivers/CMSIS/Include/core_cm7.h:2041:22:__NVIC_SetPriority	16	static
C:/STM32/Capstone_MEMS_Testbench/NUCLEO_H7S3L8_CDC/Appli/../Drivers/CMSIS/Include/core_cm7.h:2088:26:NVIC_EncodePriority	40	static
C:/STM32/Capstone_MEMS_Testbench/NUCLEO_H7S3L8_CDC/Appli/../Drivers/STM32H7RSxx_HAL_Driver/Inc/stm32h7rsxx_ll_bus.h:854:22:LL_AHB4_GRP1_EnableClock	24	static
C:/STM32/Capstone_MEMS_Testbench/NUCLEO_H7S3L8_CDC/Appli/../Drivers/STM32H7RSxx_HAL_Driver/Inc/stm32h7rsxx_ll_bus.h:1800:22:LL_APB1_GRP2_EnableClock	24	static
C:/STM32/Capstone_MEMS_Testbench/NUCLEO_H7S3L8_CDC/Appli/Src/main.c:146:5:main	24	static,ignoring_inline_asm
C:/STM32/Capstone_MEMS_Testbench/NUCLEO_H7S3L8_CDC/Appli/Src/main.c:246:13:MX_ADC1_Init	56	static
C:/STM32/Capstone_MEMS_Testbench/NUCLEO_H7S3L8_CDC/Appli/Src/main.c:317:13:MX_ADC2_Init	40	static
C:/STM32/Capstone_MEMS_Testbench/NUCLEO_H7S3L8_CDC/Appli/Src/main.c:375:13:MX_GPDMA1_Init	16	static
C:/STM32/Capstone_MEMS_Testbench/NUCLEO_H7S3L8_CDC/Appli/Src/main.c:407:13:MX_I2C3_Init	8	static
C:/STM32/Capstone_MEMS_Testbench/NUCLEO_H7S3L8_CDC/Appli/Src/main.c:455:13:MX_SPI1_Init	8	static
C:/STM32/Capstone_MEMS_Testbench/NUCLEO_H7S3L8_CDC/Appli/Src/main.c:503:13:MX_TIM6_Init	24	static
C:/STM32/Capstone_MEMS_Testbench/NUCLEO_H7S3L8_CDC/Appli/Src/main.c:541:13:MX_UCPD1_Init	184	static
C:/STM32/Capstone_MEMS_Testbench/NUCLEO_H7S3L8_CDC/Appli/Src/main.c:638:13:MX_GPIO_Init	56	static
C:/STM32/Capstone_MEMS_Testbench/NUCLEO_H7S3L8_CDC/Appli/Src/main.c:710:13:DdsWriteWord	24	static
C:/STM32/Capstone_MEMS_Testbench/NUCLEO_H7S3L8_CDC/Appli/Src/main.c:722:13:DdsApplyFrequencyWord	24	static
C:/STM32/Capstone_MEMS_Testbench/NUCLEO_H7S3L8_CDC/Appli/Src/main.c:741:13:DdsInit	8	static
C:/STM32/Capstone_MEMS_Testbench/NUCLEO_H7S3L8_CDC/Appli/Src/main.c:749:13:DdsStart	8	static
C:/STM32/Capstone_MEMS_Testbench/NUCLEO_H7S3L8_CDC/Appli/Src/main.c:755:13:DdsStop	8	static
C:/STM32/Capstone_MEMS_Testbench/NUCLEO_H7S3L8_CDC/Appli/Src/main.c:761:13:DdsSetFrequency	24	static
C:/STM32/Capstone_MEMS_Testbench/NUCLEO_H7S3L8_CDC/Appli/Src/main.c:780:13:SetBoardMode	16	static
C:/STM32/Capstone_MEMS_Testbench/NUCLEO_H7S3L8_CDC/Appli/Src/main.c:795:13:SetActuatorMode	16	static
C:/STM32/Capstone_MEMS_Testbench/NUCLEO_H7S3L8_CDC/Appli/Src/main.c:820:13:SetPeGain	24	static
C:/STM32/Capstone_MEMS_Testbench/NUCLEO_H7S3L8_CDC/Appli/Src/main.c:842:13:CDC_SendBytes	24	static
C:/STM32/Capstone_MEMS_Testbench/NUCLEO_H7S3L8_CDC/Appli/Src/main.c:855:13:CDC_SendText	16	static
C:/STM32/Capstone_MEMS_Testbench/NUCLEO_H7S3L8_CDC/Appli/Src/main.c:865:13:SendAdcBinaryFrame	32	static
C:/STM32/Capstone_MEMS_Testbench/NUCLEO_H7S3L8_CDC/Appli/Src/main.c:895:13:StopAdcAcquisition	8	static
C:/STM32/Capstone_MEMS_Testbench/NUCLEO_H7S3L8_CDC/Appli/Src/main.c:905:13:StartAdcAcquisition	8	static
C:/STM32/Capstone_MEMS_Testbench/NUCLEO_H7S3L8_CDC/Appli/Src/main.c:928:13:SetAdcBufferSize	24	static
C:/STM32/Capstone_MEMS_Testbench/NUCLEO_H7S3L8_CDC/Appli/Src/main.c:955:13:SetAdcSamplingRate	40	static
C:/STM32/Capstone_MEMS_Testbench/NUCLEO_H7S3L8_CDC/Appli/Src/main.c:996:13:SetAdcResolution	72	static
C:/STM32/Capstone_MEMS_Testbench/NUCLEO_H7S3L8_CDC/Appli/Src/main.c:1066:16:IsCompleteUsbCommand	16	static
C:/STM32/Capstone_MEMS_Testbench/NUCLEO_H7S3L8_CDC/Appli/Src/main.c:1104:13:ProcessUsbCommand	152	static
C:/STM32/Capstone_MEMS_Testbench/NUCLEO_H7S3L8_CDC/Appli/Src/main.c:1209:6:App_CDC_Receive	32	static
C:/STM32/Capstone_MEMS_Testbench/NUCLEO_H7S3L8_CDC/Appli/Src/main.c:1248:6:HAL_ADC_ConvHalfCpltCallback	16	static
C:/STM32/Capstone_MEMS_Testbench/NUCLEO_H7S3L8_CDC/Appli/Src/main.c:1261:6:HAL_ADC_ConvCpltCallback	16	static
C:/STM32/Capstone_MEMS_Testbench/NUCLEO_H7S3L8_CDC/Appli/Src/main.c:1277:13:MPU_Config	32	static
C:/STM32/Capstone_MEMS_Testbench/NUCLEO_H7S3L8_CDC/Appli/Src/main.c:1314:6:Error_Handler	4	static,ignoring_inline_asm
